---
source: tests/drivers.rs
expression: result
---
geom,field
MULTIPOLYGON (((-9 3,-7 3,-7 1,-9 1,-9 3))),456
MULTIPOLYGON (((-5 6,-2 6,-2 3,-5 3,-5 6))),213
