---
source: tests/drivers.rs
expression: result
---
geom,gml_id,field
POINT (0 0),point.0,NULL
POINT (1 0),point.1,NULL
POINT (1 1),point.2,NULL
POINT (0 1),point.3,NULL
