---
source: tests/drivers.rs
expression: result
---
geometry,field
POLYGON ((2505932.59 3.01,2505932.59 1.0,2505934.59 1.0,2505934.59 3.01,2505932.59 3.01)),456
POLYGON ((2505936.58 6.02,2505936.58 3.01,2505939.57 3.01,2505939.57 6.02,2505936.58 6.02)),213
