---
source: tests/drivers.rs
expression: result
---
Field1
field
