---
source: tests/drivers.rs
expression: result
---
field
3456
6478
123
