---
source: tests/drivers.rs
expression: result
---
geometry
MULTIPOLYGON (((2505939.57 0.0,2505939.57 -1,2505940.57 -1,2505940.57 0.0,2505939.57 0.0)))
MULTIPOLYGON (((2505938.58 0.0,2505937.58 0.0,2505937.58 -1,2505938.58 -1,2505938.58 0.0)))
MULTIPOLYGON (((2505944.56 2.01,2505944.56 1.0,2505945.56 1.0,2505945.56 2.01,2505944.56 2.01)),((2505946.55 4.02,2505946.55 3.01,2505947.55 3.01,2505947.55 2.01,2505949.55 2.01,2505949.55 4.02,2505949.55 6.02,2505948.55 6.02,2505948.55 5.02,2505948.55 4.02,2505946.55 4.02)))
