---
source: tests/drivers.rs
expression: result
---
geometry,field
POLYGON ((22.5111755 0.0000271,22.5111755 0.000009,22.5111934 0.000009,22.5111934 0.0000271,22.5111755 0.0000271)),456
POLYGON ((22.5112113 0.0000541,22.5112113 0.0000271,22.5112382 0.0000271,22.5112382 0.0000541,22.5112113 0.0000541)),213
