---
source: tests/drivers.rs
expression: result
---
geometry
MULTIPOLYGON (((22.5112382 0.0,22.5112382 -0.000009,22.5112472 -0.000009,22.5112472 0.0,22.5112382 0.0)))
MULTIPOLYGON (((22.5112292 0.0,22.5112203 0.0,22.5112203 -0.000009,22.5112292 -0.000009,22.5112292 0.0)))
MULTIPOLYGON (((22.511283 0.000018,22.511283 0.000009,22.511292 0.000009,22.511292 0.000018,22.511283 0.000018)),((22.5113009 0.0000361,22.5113009 0.0000271,22.5113099 0.0000271,22.5113099 0.000018,22.5113278 0.000018,22.5113278 0.0000361,22.5113278 0.0000541,22.5113188 0.0000541,22.5113188 0.0000451,22.5113188 0.0000361,22.5113009 0.0000361)))
