---
source: tests/drivers.rs
expression: result
---
geometry,field
POLYGON ((-9 3,-7 3,-7 1,-9 1,-9 3)),456
POLYGON ((-5 6,-2 6,-2 3,-5 3,-5 6)),213
