---
source: tests/drivers.rs
expression: result
---

