---
source: tests/drivers.rs
expression: result
---
geometry,field
POINT (0 0),NULL
POINT (0.000009 0.0),NULL
POINT (0.000009 0.000009),NULL
POINT (0.0 0.000009),NULL
