---
source: tests/drivers.rs
expression: result
---
geometry,field,R_G_B
POLYGON ((-9 3,-9 1,-7 1,-7 3,-9 3)),456,NULL
POLYGON ((-5 6,-5 3,-2 3,-2 6,-5 6)),213,NULL
