---
source: tests/drivers.rs
expression: result
---
geometry,FID
POLYGON ((-2 0,-1 0,-1 -1,-2 -1,-2 0)),0
POLYGON ((-3 0,-3 -1,-4 -1,-4 0,-3 0)),1
MULTIPOLYGON (((3 2,4 2,4 1,3 1,3 2)),((5 4,7 4,7 5,7 6,8 6,8 4,8 2,6 2,6 3,5 3,5 4))),2
