---
source: tests/drivers.rs
expression: result
---
geometry,R_G_B
MULTIPOLYGON (((-2 0,-2 -1,-1 -1,-1 0,-2 0))),NULL
MULTIPOLYGON (((-3 0,-3 -1,-4 -1,-4 0,-3 0))),NULL
MULTIPOLYGON (((3 2,3 1,4 1,4 2,3 2)),((5 4,5 3,6 3,6 2,8 2,8 4,8 6,7 6,7 5,7 4,5 4))),NULL
