---
source: tests/drivers.rs
expression: result
---
geometry,field
LINESTRING (1 0,1 1,0 1,0 2,1 2,2 2,2 1,3 1,3 2,4 2),3456
LINESTRING (2 0,2 -1,1 -1,0 -1,-1 -1,-1 0,-2 0,-2 -1,-2 -2,3 -2,3 0,4 0,4 1),6478
LINESTRING (-3 2,-3 1,-2 1,-2 2,-1 2,-1 3),123
