---
source: tests/drivers.rs
expression: result
---
geometry,field
POINT (0 0),0
POINT (0.99 0.0),0
POINT (0.99 1.0),0
POINT (0 1),0
