---
source: tests/drivers.rs
expression: result
---
geometry,field
MULTILINESTRING ((111319.49 0.0,111319.49 111325.14,0.0 111325.14,0.0 222684.21,111319.49 222684.21,222638.98 222684.21,222638.98 111325.14,333958.47 111325.14,333958.47 222684.21,445277.96 222684.21)),3456
MULTILINESTRING ((222638.98 0.0,222638.98 -111325.14,111319.49 -111325.14,0.0 -111325.14,-111319.49 -111325.14,-111319.49 0.0,-222638.98 0.0,-222638.98 -111325.14,-222638.98 -222684.21,333958.47 -222684.21,333958.47 0.0,445277.96 0.0,445277.96 111325.14)),6478
MULTILINESTRING ((-333958.47 222684.21,-333958.47 111325.14,-222638.98 111325.14,-222638.98 222684.21,-111319.49 222684.21,-111319.49 334111.17)),123
