---
source: src/app.rs
expression: terminal.backend()
---
"                                      Terminal Attribute Table                                      "
"                                                                                                    "
"╭ Dataset ──────────────────────────── <type ? to show help> ──────────────────────────────────────╮"
"│- URI: "./testdata/basic.gpkg"                                                                    │"
"│- Driver: GeoPackage (GPKG)                                                                       │"
"│                                                                                                  │"
"│ Layers ─────┬ Layer Information ────────┬ Preview Table ─────────────────────────────────────────┤"
"│point        │- Name: point              │          │                                             │"
"│line         │- CRS: EPSG:3857 (WGS 84 / │Feature   │geom                                         │"
"│polygon      │- Feature Count: 4         │1         │POINT (0 0)                                  │"
"│multipolygon │- Geometry fields:         │2         │POINT (1 0)                                  │"
"│nogeom       │    "geom" - (Point, EPSG:3│3         │POINT (1 1)                                  │"
"│             │- Fields (1):              │4         │POINT (0 1)                                  │"
"│             │    "field" - (Integer)    │          │                                             │"
"│             │                           │          │                                             │"
"│             │                           │          │                                             │"
"│             │                           │          │                                             │"
"│             │                           │          │                                             │"
"│             │                           │          │                                             │"
"│             │                           │          │                                             │"
"│             │                           │          │                                             │"
"│             │                           │          │                                             │"
"│             │                           │          │                                             │"
"│             │                           │          │                                             │"
"│             │                           │          │                                             │"
"│             │                           │          │                                             │"
"│             │                           │          │                                             │"
"│             │                           │          │                                             │"
"│             │                           │          │                                             │"
"│             │                           │          │                                             │"
"│             │                           │          │                                             │"
"│             │                           │          │                                             │"
"│             │                           │          │                                             │"
"│             │                           │          │                                             │"
"│             │                           │          │                                             │"
"│             │                           │          │                                             │"
"│             │                           │          │                                             │"
"│             │                           │          │                                             │"
"│             │◄████████████████═════════►│          │                                             │"
"╰─────────────┴───────────────────────────┴────────────── <Enter> to open full table ──────────────╯"
